--------- beginning of /dev/log/system
I/Vold    (  103): Vold 2.1 (the revenge) firing up
D/Vold    (  103): USB mass storage support is not enabled in the kernel
D/Vold    (  103): Volume microsd state changing -1 (Initializing) -> 0 (No-Media)
D/Vold    (  103): *********** Success!! "ro.epad.mount_point.microsd=/Removable/MicroSD"
D/Vold    (  103): Volume usbdisk1 state changing -1 (Initializing) -> 0 (No-Media)
D/Vold    (  103): *********** Success!! "ro.epad.mount_point.usbdisk1=/Removable/USBdisk1"
D/Vold    (  103): Volume usbdisk2 state changing -1 (Initializing) -> 0 (No-Media)
D/Vold    (  103): *********** Success!! "ro.epad.mount_point.usbdisk2=/Removable/USBdisk2"
D/Vold    (  103): Volume sdreader state changing -1 (Initializing) -> 0 (No-Media)
D/Vold    (  103): *********** Success!! "ro.epad.mount_point.sdreader=/Removable/SD"
D/Vold    (  103): checkUsbdisk sucess.
D/Vold    (  103): USB disconnected
D/Vold    (  103): USB connected
I/SystemServer(  179): Entered the Android system server!
I/SystemServer(  179): Entropy Service
I/SystemServer(  179): Power Manager
D/PowerManagerService(  179): @PowerManagement: possible PowerON {time since boot = 10s}
I/SystemServer(  179): Activity Manager
I/ActivityManager(  179): Memory class: 48
D/PowerProfile(  179): read epad power profile:/system/etc/power_profile/TF201_power_profile.xml
D/PowerProfile(  179): can not find file:/system/etc/power_profile/TF201_power_profile.xml
D/PowerProfile(  179): Can not read epad power porfile, use default
I/SystemServer(  179): Telephony Registry
I/SystemServer(  179): Package Manager
I/Installer(  179): connecting...
W/PackageManager(  179): Exception reading library: /system/lib/drm/libdrmwvmplugin.so
W/PackageManager(  179): java.io.IOException: /system/lib/drm/libdrmwvmplugin.so
W/PackageManager(  179): 	at dalvik.system.DexFile.isDexOptNeeded(Native Method)
W/PackageManager(  179): 	at com.android.server.PackageManagerService.<init>(PackageManagerService.java:871)
W/PackageManager(  179): 	at com.android.server.PackageManagerService.main(PackageManagerService.java:709)
W/PackageManager(  179): 	at com.android.server.ServerThread.run(SystemServer.java:157)
I/PackageManager(  179): Unpacking native libraries for /data/app/com.zenstudios.ZenPinball-1.apk
I/PackageManager(  179): Unpacking native libraries for /data/app/com.uphyca.android.app.bandoclock-1.apk
I/PackageManager(  179): Unpacking native libraries for /data/app/com.antutu.ABenchMark-1.apk
I/PackageManager(  179): Unpacking native libraries for /data/app/com.google.zxing.client.android-1.apk
I/PackageManager(  179): Unpacking native libraries for /data/app/com.dama.papercamera-1.apk
I/PackageManager(  179): Unpacking native libraries for /data/app/com.sketchbook-1.apk
I/PackageManager(  179): Unpacking native libraries for /data/app/com.evernote.skitch-1.apk
I/PackageManager(  179): Unpacking native libraries for /data/app/com.evernote-1.apk
I/PackageManager(  179): Unpacking native libraries for /data/app/com.dataviz.docstogoapp-1.apk
I/PackageManager(  179): Unpacking native libraries for /data/app/com.dataviz.docstogo-1.apk
I/PackageManager(  179): Unpacking native libraries for /data/app/com.adobe.reader-1.apk
I/PackageManager(  179): Unpacking native libraries for /data/app/com.dropbox.android-1.apk
I/PackageManager(  179): Unpacking native libraries for /data/app/com.pogoplug.android-1.apk
I/PackageManager(  179): Unpacking native libraries for /data/app/com.thedeck.android.app-1.apk
I/PackageManager(  179): Unpacking native libraries for /data/app/com.the511plus.MultiTouchTester-1.apk
I/PackageManager(  179): Unpacking native libraries for /data/app/jp.r246.twicca-1.apk
I/PackageManager(  179): Unpacking native libraries for /data/app/com.justsystems.atokmobile.service-1.apk
I/PackageManager(  179): Unpacking native libraries for /data/app/com.aldiko.android.oreilly.programmingscala-1.apk
--------- beginning of /dev/log/main
D/dalvikvm(  179): GC_CONCURRENT freed 272K, 5% free 8670K/9031K, paused 2ms+5ms
I/PackageManager(  179): Unpacking native libraries for /data/app/com.nvidia.tegrazone-1.apk
I/PackageManager(  179): Unpacking native libraries for /data/app/com.google.android.apps.maps-1.apk
D/dalvikvm(  179): GC_CONCURRENT freed 582K, 8% free 8678K/9351K, paused 2ms+3ms
I/PackageManager(  179): Unpacking native libraries for /data/app/com.google.android.apps.plus-1.apk
D/dalvikvm(  179): GC_CONCURRENT freed 350K, 5% free 8973K/9415K, paused 18ms+4ms
I/PackageManager(  179): Unpacking native libraries for /data/app/com.google.android.music-1.apk
D/dalvikvm(  179): GC_CONCURRENT freed 658K, 8% free 8985K/9735K, paused 2ms+4ms
W/PackageParser(  179): Unknown element under <manifest>: supports-gl-texture at /data/app/com.nvidia.demo.glowball-1.apk Binary XML file line #15
I/PackageManager(  179): Unpacking native libraries for /data/app/com.nvidia.demo.glowball-1.apk
W/PackageParser(  179): Unknown element under <manifest>: supports-gl-texture at /data/app/com.vectorunit.bluedemo-1.apk Binary XML file line #30
I/PackageManager(  179): Unpacking native libraries for /data/app/com.vectorunit.bluedemo-1.apk
I/PackageManager(  179): Unpacking native libraries for /data/app/com.android.vending-1.apk
D/dalvikvm(  179): GC_CONCURRENT freed 522K, 7% free 9185K/9799K, paused 2ms+6ms
W/ResourceType(  179): Failure getting entry for 0x7f020155 (t=1 e=341) in package 0 (error -75)
W/ResourceType(  179): Failure getting entry for 0x7f0e0048 (t=13 e=72) in package 0 (error -75)
W/ResourceType(  179): Failure getting entry for 0x7f0e0048 (t=13 e=72) in package 0 (error -75)
W/ResourceType(  179): Failure getting entry for 0x7f0e0048 (t=13 e=72) in package 0 (error -75)
W/ResourceType(  179): Failure getting entry for 0x7f0e0048 (t=13 e=72) in package 0 (error -75)
W/ResourceType(  179): Failure getting entry for 0x7f0e0048 (t=13 e=72) in package 0 (error -75)
W/ResourceType(  179): Failure getting entry for 0x7f0e0048 (t=13 e=72) in package 0 (error -75)
W/PackageManager(  179): Package tv.ustream.ustream desires unavailable shared library jp.co.sharp.android.hardware; ignoring!
I/PackageManager(  179): Unpacking native libraries for /data/app/tv.ustream.ustream-1.apk
W/PackageParser(  179): Unknown element under <manifest>: ImageView at /data/app-private/Cam.SILENT-1.apk Binary XML file line #12
I/PackageManager(  179): Unpacking native libraries for /data/app-private/Cam.SILENT-1.apk
I/PackageManager(  179): Unpacking native libraries for /data/app-private/com.androidtsubu.ramentimer-1.apk
I/PackageManager(  179): Time to scan packages: 47.509 seconds
W/PackageManager(  179): Unknown permission android.permission.ADD_SYSTEM_SERVICE in package com.android.phone
W/PackageManager(  179): Unknown permission com.android.smspush.WAPPUSH_MANAGER_BIND in package com.android.phone
D/dalvikvm(  179): GC_CONCURRENT freed 761K, 9% free 9140K/9991K, paused 2ms+5ms
W/PackageManager(  179): Not granting permission android.permission.SEND_DOWNLOAD_COMPLETED_INTENTS to package com.android.browser (protectionLevel=2 flags=0x9be45)
W/PackageManager(  179): Unknown permission android.permission.READ_EXTERNAL_STORAGE in package com.infraware.PolarisOfficeForTablet
W/PackageManager(  179): Unknown permission android.permission.WRITE_OWNER_DATA in package com.infraware.PolarisOfficeForTablet
W/PackageManager(  179): Unknown permission android.permission.READ_OWNER_DATA in package com.infraware.PolarisOfficeForTablet
W/PackageManager(  179): Not granting permission android.permission.ACCOUNT_MANAGER to package com.google.android.music (protectionLevel=2 flags=0x8bee5)
W/PackageManager(  179): Unknown permission android.webkit.permission.PLUGIN in package com.adobe.flashplayer
W/PackageManager(  179): Unknown permission android.permission.READ_OWNER_DATA in package com.android.exchange
W/PackageManager(  179): Unknown permission android.permission.READ_OWNER_DATA in package com.android.email
W/PackageManager(  179): Unknown permission com.android.providers.im.permission.READ_ONLY in package com.google.android.apps.maps
W/PackageManager(  179): Unknown permission com.google.android.providers.gmail.permission.READ_GMAIL in package com.dataviz.docstogo
W/PackageManager(  179): Not granting permission android.permission.DEVICE_POWER to package com.ecareme.asuswebstorage (protectionLevel=2 flags=0x8be45)
W/PackageManager(  179): Unknown permission android.permission.READ_EXTERNAL_STORAGE in package com.google.android.videoeditor
W/PackageManager(  179): Unknown permission com.android.vending.permission.UPDATE_MARKET_FAILURE in package com.android.vending.updater
W/PackageManager(  179): Unknown permission com.google.android.apps.googlevoice.permission.AUTO_SEND in package com.google.android.voicesearch
W/PackageManager(  179): Unknown permission android.permission.READ_OWNER_DATA in package com.android.setupwizard
W/PackageManager(  179): Unknown permission android.permission.WRITE_OWNER_DATA in package com.android.setupwizard
W/PackageManager(  179): Not granting permission com.google.android.gm.permission.READ_GMAIL to package com.google.android.apps.uploader (protectionLevel=2 flags=0x8be45)
W/PackageManager(  179): Unknown permission android.permission.READ_PROFILE in package com.google.android.apps.plus
W/PackageManager(  179): Unknown permission android.permission.WRITE_PROFILE in package com.google.android.apps.plus
W/PackageManager(  179): Unknown permission android.permission.READ_SOCIAL_STREAM in package com.google.android.apps.plus
W/PackageManager(  179): Unknown permission android.permission.WRITE_SOCIAL_STREAM in package com.google.android.apps.plus
W/PackageManager(  179): Unknown permission android.permission.READ_EXTERNAL_STORAGE in package com.android.vending
W/PackageManager(  179): Not granting permission android.permission.SEND_DOWNLOAD_COMPLETED_INTENTS to package com.android.vending (protectionLevel=2 flags=0xabec5)
W/PackageManager(  179): Not granting permission android.permission.DEVICE_POWER to package com.android.deskclock (protectionLevel=2 flags=0x8be45)
W/PackageManager(  179): Unknown permission android.permission.READ_SETTINGS in package com.android.screenshot
D/dalvikvm(  179): GC_FOR_ALLOC freed 736K, 14% free 8674K/9991K, paused 33ms
D/dalvikvm(  179): GC_EXPLICIT freed 260K, 14% free 8646K/9991K, paused 3ms+2ms
I/SystemServer(  179): Account Manager
D/PackageManager(  179): generateServicesMap(android.accounts.AccountAuthenticator): 3 services unchanged
I/SystemServer(  179): Content Manager
D/PackageManager(  179): generateServicesMap(android.content.SyncAdapter): 13 services unchanged
I/ActivityThread(  179): Pub settings: com.android.providers.settings.SettingsProvider
I/SystemServer(  179): System Content Providers
I/ActivityThread(  179): Pub applock_mode: com.asus.lock.provider.AppLockProvider
D/SettingsProvider(  179): cache for settings table 'secure' rows=44; fullycached=true
D/SettingsProvider(  179): cache for settings table 'system' rows=67; fullycached=true
I/SystemServer(  179): Lights Service
I/SystemServer(  179): Battery Service
D/BatteryService(  179): level:100 scale:100 status:5 health:2 present:true dock_status:4 dock_level:86 dock_ac_online:true voltage: 8 temperature: 282 technology: Li-ion AC powered:false USB powered:false icon:17302769 invalid charger:0
I/SystemServer(  179): Vibrator Service
D/PowerManagerService(  179): @PowerManagement: Acquire UWL 'StayOnWhilePluggedIn Screen Dim' flags [screen_dim]
D/PowerManagerService(  179): @PowerManagement: Acquire UWL 'StayOnWhilePluggedIn Partial' flags [partial]
D/PowerManagerService(  179): @PowerManagement: Acquire UWL 'StayOnWhilePluggedIn Screen Dim' flags [screen_dim]
D/PowerManagerService(  179): @PowerManagement: Acquire UWL 'StayOnWhilePluggedIn Partial' flags [partial]
D/AlarmManagerService(  179): Kernel timezone updated to -540 minutes west of GMT
I/SystemServer(  179): Alarm Manager
I/SystemServer(  179): Init Watchdog
I/SystemServer(  179): Window Manager
I/InputManager(  179): Initializing input manager
W/ProcessStats(  179): Skipping unknown process pid 229
I/power   (  179): *** set_screen_state 1
I/InputManager-JNI(  179): Setting touchpad mode to 1.
D/PowerManagerService(  179): userActivityWithIntent
D/PowerManagerService(  179): @PowerManagement: Screen Bright {false -> true}
D/PowerManagerService(  179): @PowerManagement: Acquire UWL 'sleep_broadcast' flags [partial] refcount=1
D/PowerManagerService(  179): userActivityWithIntent, send wakeup intent to Keyguard
I/InputManager(  179): Starting input manager
I/EventHub(  179): New device: id=1, fd=103, path='/dev/input/event7', name='elantech_touchscreen', classes=0x80000014, configuration='/system/usr/idc/elantech_touchscreen.idc', keyLayout='', keyCharacterMap='', builtinKeyboard=false
D/EventHub(  179): No input device configuration file found for device 'tegra_dc1.input_tick'.
D/EventHub(  179): No input device configuration file found for device 'tegra_dc0.input_tick'.
D/EventHub(  179): No input device configuration file found for device 'gpio-keys'.
I/SystemServer(  179): Bluetooth Service
I/EventHub(  179): New device: id=4, fd=104, path='/dev/input/event3', name='gpio-keys', classes=0x1, configuration='', keyLayout='/system/usr/keylayout/gpio-keys.kl', keyCharacterMap='/system/usr/keychars/Generic.kcm', builtinKeyboard=false
D/EventHub(  179): No input device configuration file found for device 'tegra-kbc'.
I/EventHub(  179): New device: id=5, fd=106, path='/dev/input/event4', name='tegra-kbc', classes=0x1, configuration='', keyLayout='/system/usr/keylayout/tegra-kbc.kl', keyCharacterMap='/system/usr/keychars/Generic.kcm', builtinKeyboard=false
I/EventHub(  179): New device: id=6, fd=107, path='/dev/input/event5', name='atmel-maxtouch', classes=0x14, configuration='/system/usr/idc/atmel-maxtouch.idc', keyLayout='', keyCharacterMap='', builtinKeyboard=false
I/EventHub(  179): New device: id=7, fd=108, path='/dev/input/event6', name='asusdec', classes=0x3, configuration='/system/usr/idc/asusdec.idc', keyLayout='/system/usr/keylayout/asusdec-ja_JP.kl', keyCharacterMap='/system/usr/keychars/asusdec-ja_JP.kcm', builtinKeyboard=false
D/EventHub(  179): No input device configuration file found for device 'lid_input'.
I/EventHub(  179): New device: id=8, fd=109, path='/dev/input/event2', name='lid_input', classes=0x80, configuration='', keyLayout='', keyCharacterMap='', builtinKeyboard=false
I/InputReader(  179): Device added: id=8, name='lid_input', sources=0x80000000
I/InputReader(  179): Device added: id=7, name='asusdec', sources=0x00000101
I/InputReader(  179): Device added: id=6, name='atmel-maxtouch', sources=0x00001002
I/InputReader(  179): Device added: id=5, name='tegra-kbc', sources=0x00000101
I/InputReader(  179): Device added: id=4, name='gpio-keys', sources=0x00000101
I/InputReader(  179): Device added: id=1, name='elantech_touchscreen', sources=0x0010200a
I/BluetoothProfileState(  179): Message:Entering Stable State
I/BluetoothProfileState(  179): Message:Entering Stable State
I/BluetoothProfileState(  179): Message:Entering Stable State
I/SystemServer(  179): Device Policy
I/SystemServer(  179): Status Bar
I/SystemServer(  179): Clipboard Service
I/SystemServer(  179): Input Method Service
W/ResourceType(  179): Failure getting entry for 0x7f070000 (t=6 e=0) in package 0 (error -75)
I/SystemServer(  179): NetStat Service
I/SystemServer(  179): NetworkManagement Service
I/SystemServer(  179): Connectivity Service
D/ConnectivityService(  179): ConnectivityService starting up
D/dalvikvm(  179): GC_CONCURRENT freed 284K, 11% free 8960K/9991K, paused 2ms+4ms
D/ConnectivityService(  179): Starting Wifi Service.
E/WifiHW  (  179): wifi module : 1
I/WifiService(  179): WifiService starting up with Wi-Fi enabled
D/NetworkManagmentService(  179): Registering observer
D/NetworkManagmentService(  179): Registering observer
I/SystemServer(  179): Throttle Service
I/SystemServer(  179): Accessibility Manager
I/SystemServer(  179): Mount Service
D/MountService(  179): got storage path: /mnt/sdcard description: 内部ストレージ primary: true removable: false emulated: true mtpReserve: 100
D/MountService(  179): got storage path: /Removable/MicroSD description: MicroSD primary: false removable: true emulated: false mtpReserve: 0
D/MountService(  179): got storage path: /Removable/USBdisk1 description: Usbdisk1 primary: false removable: true emulated: false mtpReserve: 0
D/MountService(  179): got storage path: /Removable/USBdisk2 description: Usbdisk2 primary: false removable: true emulated: false mtpReserve: 0
D/MountService(  179): got storage path: /Removable/SD description: SD primary: false removable: true emulated: false mtpReserve: 0
D/MountService(  179): using emulated external storage
I/SystemServer(  179): Notification Manager
D/VoldCmdListener(  103): volume list
W/MountService(  179): Duplicate state transition (removed -> removed) for /Removable/MicroSD
I/SystemServer(  179): Device Storage Monitor
I/SystemServer(  179): Location Manager
I/SystemServer(  179): Country Detector
I/SystemServer(  179): Search Service
W/MountService(  179): Duplicate state transition (removed -> removed) for /Removable/USBdisk1
W/MountService(  179): Duplicate state transition (removed -> removed) for /Removable/USBdisk2
W/MountService(  179): Duplicate state transition (removed -> removed) for /Removable/SD
D/VoldCmdListener(  103): share status ums
I/SystemServer(  179): DropBox Service
I/SystemServer(  179): Wallpaper Service
I/SystemServer(  179): Audio Service
W/System.err(  179): Error reading from ./android/widget/ViewStub.class
W/System.err(  179): Error reading from ./android/webkit/ViewStub.class
I/AudioService(  179):  AudioFocus  abandonAudioFocus() from AudioFocus_For_Phone_Ring_And_Calls
W/        (  109): setPhoneState() setting same state 0
W/UsbDeviceSettingsManager(  179): settings file not found
I/SystemServer(  179): Dock Observer
I/SystemServer(  179): Wired Accessory Observer
I/SystemServer(  179): USB Observer
I/SystemServer(  179): UI Mode Manager Service
I/SystemServer(  179): Firmware Manager Service
I/SystemServer(  179): Dock Manager Service
D/dalvikvm(  179): GC_FOR_ALLOC freed 227K, 9% free 9150K/9991K, paused 63ms
I/dalvikvm-heap(  179): Grow heap (frag case) to 9.141MB for 129616-byte allocation
D/dalvikvm(  179): GC_FOR_ALLOC freed 21K, 9% free 9255K/10119K, paused 50ms
D/dalvikvm(  179): GC_FOR_ALLOC freed 3K, 9% free 9253K/10119K, paused 36ms
I/dalvikvm-heap(  179): Grow heap (frag case) to 9.243MB for 129616-byte allocation
D/dalvikvm(  179): GC_FOR_ALLOC freed 0K, 9% free 9380K/10247K, paused 36ms
D/dalvikvm(  179): GC_FOR_ALLOC freed <1K, 9% free 9381K/10247K, paused 36ms
I/dalvikvm-heap(  179): Grow heap (frag case) to 9.367MB for 129616-byte allocation
D/dalvikvm(  179): GC_FOR_ALLOC freed 1K, 9% free 9506K/10375K, paused 36ms
D/dalvikvm(  179): GC_FOR_ALLOC freed <1K, 9% free 9507K/10375K, paused 36ms
I/dalvikvm-heap(  179): Grow heap (frag case) to 9.490MB for 129616-byte allocation
D/dalvikvm(  179): GC_FOR_ALLOC freed 0K, 9% free 9634K/10503K, paused 34ms
D/dalvikvm(  179): GC_FOR_ALLOC freed 2K, 9% free 9634K/10503K, paused 36ms
I/dalvikvm-heap(  179): Grow heap (frag case) to 9.614MB for 129616-byte allocation
D/dalvikvm(  179): GC_FOR_ALLOC freed <1K, 9% free 9761K/10631K, paused 33ms
D/dalvikvm(  179): GC_FOR_ALLOC freed <1K, 9% free 9898K/10759K, paused 36ms
D/dalvikvm(  179): GC_FOR_ALLOC freed 1K, 8% free 10024K/10887K, paused 34ms
D/dalvikvm(  179): GC_FOR_ALLOC freed <1K, 8% free 10151K/11015K, paused 34ms
D/dalvikvm(  179): GC_FOR_ALLOC freed <1K, 8% free 10405K/11271K, paused 37ms
I/SystemServer(  179): Backup Service
D/Tethering(  179): wlan0 is not a tetherable iface, ignoring
D/WifiStateMachine(  179): Driver load successful
D/WifiStateMachine(  179): Supplicant start successful
I/BackupManagerService(  179): Found stale backup journal, scheduling
I/BackupManagerService(  179):   com.android.providers.settings
I/WindowManager(  179): SAFE MODE not enabled
D/dalvikvm(  179): JIT started for system_server
D/WindowManager(  179): readLidState, sw:1
D/WindowManager(  179): adjustConfigurationLw, config:{1.0 0mcc0mnc (no locale) sw800dp w1280dp h752dp xlrg land ?uimode ?night finger qwerty/v/v -nav/v} mLidOpen:1 mHasDockFeature:true mHasHallSensorFeature:true config.hardKeyboardHidden:1
I/BackupManagerService(  179): Backup enabled => true
D/AlarmManager(  179): Added alarm Alarm{40b21f78 type 0 android} type:RTC_WAKEUP when: At 12/01/23 12:24 repeatInterval: 1h:2m:30.0s
I/SystemServer(  179): AppWidget Service
I/SystemServer(  179): Recognition Service
I/SystemServer(  179): DiskStats Service
I/SystemServer(  179): SamplingProfiler Service
I/SystemServer(  179): NetworkTimeUpdateService
I/SystemServer(  179): UpdateLauncher Service
I/ActivityManager(  179): Config changed: {1.0 0mcc0mnc ja_JP sw800dp w1280dp h752dp xlrg land ?uimode ?night finger qwerty/v/v -nav/h s.1}
D/WindowManager(  179): readLidState, sw:1
D/WindowManager(  179): adjustConfigurationLw, config:{1.0 0mcc0mnc (no locale) sw800dp w1280dp h752dp xlrg land ?uimode ?night finger qwerty/v/v -nav/v} mLidOpen:1 mHasDockFeature:true mHasHallSensorFeature:true config.hardKeyboardHidden:1
I/Zygote  (  179): Process: zygote socket opened
D/PowerManagerService(  179): system ready!
I/ActivityManager(  179): System now ready
I/SystemServer(  179): Making services ready
D/SystemServer(  179): Starting service: Intent { cmp=com.android.systemui/.SystemUIService }
I/ActivityManager(  179): Start proc com.android.systemui for service com.android.systemui/.SystemUIService: pid=277 uid=1000 gids={3003, 1015, 3002, 3001}
I/ActivityManager(  179): Config changed: {1.0 0mcc0mnc ja_JP sw800dp w1280dp h752dp xlrg land finger qwerty/v/v -nav/h s.2}
D/dalvikvm(  179): GC_FOR_ALLOC freed 473K, 7% free 10769K/11527K, paused 42ms
I/dalvikvm-heap(  179): Grow heap (frag case) to 11.344MB for 781472-byte allocation
D/dalvikvm(  179): GC_FOR_ALLOC freed 3K, 7% free 11529K/12295K, paused 40ms
D/dalvikvm(  179): GC_FOR_ALLOC freed 15K, 6% free 11708K/12423K, paused 42ms
D/SystemUIService(  277): loading: class com.android.systemui.statusbar.tablet.TabletStatusBar
D/SystemUIService(  277): running: com.android.systemui.statusbar.tablet.TabletStatusBar@4080f2a0
I/StatusBar.HeightReceiver(  277): Resizing status bar plugged=false height=48 old=0
D/UnlockScreen(  179): landscape mode
D/dalvikvm(  277): GC_CONCURRENT freed 113K, 4% free 6635K/6855K, paused 3ms+2ms
D/dalvikvm(  179): GC_FOR_ALLOC freed 53K, 5% free 12584K/13191K, paused 39ms
I/ActivityManager(  179): Start proc jp.co.fsi.fskaren for service jp.co.fsi.fskaren/.FSIME: pid=286 uid=10054 gids={1015}
D/UnlockScreen(  179): mode normal
D/NetworkManagmentService(  179): Registering observer
I/ActivityManager(  179): Start proc com.google.android.gsf.login for service com.google.android.gsf.login/com.google.android.gsf.loginservice.GoogleLoginService: pid=292 uid=10028 gids={3003, 1015, 2001, 1007}
D/dalvikvm(  277): GC_FOR_ALLOC freed 16K, 4% free 6730K/6983K, paused 27ms
I/dalvikvm-heap(  277): Grow heap (frag case) to 7.210MB for 593936-byte allocation
I/ActivityManager(  179): Start proc com.android.phone for added application com.android.phone: pid=298 uid=1001 gids={3002, 3001, 3003, 1015}
I/ActivityManager(  179): Starting: Intent { act=android.intent.action.MAIN cat=[android.intent.category.HOME] flg=0x10000000 cmp=com.android.launcher/com.android.launcher2.Launcher } from pid 0
D/SntpClient(  179): request time failed: java.net.UnknownHostException: Unable to resolve host "xtra1.gpsonextra.net": No address associated with hostname
D/SntpClient(  179): request time failed: java.net.UnknownHostException: Unable to resolve host "xtra1.gpsonextra.net": No address associated with hostname
D/SntpClient(  179): request time failed: java.net.UnknownHostException: Unable to resolve host "xtra1.gpsonextra.net": No address associated with hostname
D/libEGL  (  179): loaded /system/lib/egl/libGLES_android.so
I/ActivityManager(  179): Start proc com.android.launcher for activity com.android.launcher/com.android.launcher2.Launcher: pid=310 uid=1000 gids={3003, 1015, 3002, 3001}
D/libEGL  (  179): loaded /system/lib/egl/libEGL_tegra.so
D/PowerManagerService(  179): @PowerManagement: Acquire UWL 'StayOnWhilePluggedIn Screen Dim' flags [screen_dim]
D/PowerManagerService(  179): @PowerManagement: Acquire UWL 'StayOnWhilePluggedIn Partial' flags [partial]
D/PowerManagerService(  179): IntentUserActivityLocked, send wakeup intent to Keyguard
I//system/bin/tc(  104): Cannot find device "rmnet0"
I/logwrapper(  104): /system/bin/tc terminated by exit(1)
D/libEGL  (  179): loaded /system/lib/egl/libGLESv1_CM_tegra.so
E/BluetoothService(  179): FileNotFoundException while trying to read dock address
D/dalvikvm(  277): GC_CONCURRENT freed 1K, 5% free 7309K/7623K, paused 2ms+2ms
I/DockObserver(  179): Dock state changed: 10 name: TF201-DOCK-0206
I/ActivityManager(  179): Start proc com.android.settings for broadcast com.android.settings/.bluetooth.DockEventReceiver: pid=330 uid=1000 gids={3003, 1015, 3002, 3001}
D/libEGL  (  179): loaded /system/lib/egl/libGLESv2_tegra.so
I//system/bin/tc(  104): Cannot find device "rmnet0"
I/logwrapper(  104): /system/bin/tc terminated by exit(1)
D/WindowManager(  179): readLidState, sw:1
D/WindowManager(  179): adjustConfigurationLw, config:{1.0 0mcc0mnc (no locale) sw800dp w1280dp h752dp xlrg land ?uimode ?night finger qwerty/v/v -nav/v} mLidOpen:1 mHasDockFeature:true mHasHallSensorFeature:true config.hardKeyboardHidden:1
I//system/bin/tc(  104): Cannot find device "ifb0"
I/logwrapper(  104): /system/bin/tc terminated by exit(1)
D/SntpClient(  179): request time failed: java.net.UnknownHostException: Unable to resolve host "xtra1.gpsonextra.net": No address associated with hostname
D/SntpClient(  179): request time failed: java.net.UnknownHostException: Unable to resolve host "xtra1.gpsonextra.net": No address associated with hostname
D/OpenGLRenderer(  179): Creating OpenGL renderer caches
D/OpenGLRenderer(  179): Enabling debug mode 0
D/OpenGLRenderer(  179): Layers will be composited as regions
D/UnlockScreen(  179): mode normal
D/dalvikvm(  277): GC_FOR_ALLOC freed <1K, 5% free 7310K/7623K, paused 64ms
I/ActivityThread(  298): Pub telephony: com.android.providers.telephony.TelephonyProvider
I/dalvikvm-heap(  277): Grow heap (frag case) to 7.873MB for 694160-byte allocation
I/ActivityThread(  298): Pub icc: com.android.phone.IccProvider
I/ActivityThread(  298): Pub mms: com.android.providers.telephony.MmsProvider
I/ActivityThread(  298): Pub sms: com.android.providers.telephony.SmsProvider
I/ActivityThread(  298): Pub mms-sms: com.android.providers.telephony.MmsSmsProvider
I/ActivityThread(  310): Pub com.android.launcher2.settings: com.android.launcher2.LauncherProvider
I/ActivityManager(  179): Start proc com.google.process.gapps for service com.google.android.location/.NetworkLocationService: pid=344 uid=10028 gids={3003, 1015, 2001, 1007}
D/dalvikvm(  277): GC_CONCURRENT freed <1K, 5% free 7988K/8327K, paused 2ms+2ms
W/ActivityManager(  179): Unable to start service Intent { act=com.android.internal.telephony.IWapPushManager }: not found
D/GpsLocationProvider(  179): set_capabilities_callback: 15
D/gps_BRCM(  179): gps_control_thread_init
D/gps_BRCM(  179): gps thread running
D/dalvikvm(  277): GC_FOR_ALLOC freed 1K, 4% free 8036K/8327K, paused 57ms
I/dalvikvm-heap(  277): Grow heap (frag case) to 8.410MB for 513744-byte allocation
D/CAT     (  298): CatService: Is running
D/CAT     (  298): CatService: NEW sInstance
D/CallManager(  298): registerPhone(GSM Handler{4080b2d8})
I/ActivityManager(  179): Start proc android.process.acore for content provider com.android.providers.contacts/.CallLogProvider: pid=362 uid=10008 gids={3003, 1015}
W/ActivityManager(  179): Unable to start service Intent { act=com.android.ussd.IExtendedNetworkService }: not found
D/WindowManager(  179): readLidState, sw:1
D/WindowManager(  179): readLidState, sw:1
D/WindowManager(  179): adjustConfigurationLw, config:{1.0 0mcc0mnc (no locale) sw800dp w1280dp h752dp xlrg land ?uimode ?night finger qwerty/v/v -nav/v} mLidOpen:1 mHasDockFeature:true mHasHallSensorFeature:true config.hardKeyboardHidden:1
D/dalvikvm(  277): GC_CONCURRENT freed <1K, 4% free 8538K/8839K, paused 6ms+2ms
V/BluetoothService(  179): Received ACTION_DOCK_EVENT with State:10
D/DockManagerService(  179): updateBatterySavingMode, mDockBatterySavingMode:-1 mode:1 force:true
I/ActivityThread(  344): Pub com.google.settings: com.google.android.gsf.settings.GoogleSettingsProvider
D/dalvikvm(  286): GC_CONCURRENT freed 122K, 4% free 6533K/6791K, paused 3ms+3ms
D/dalvikvm(  298): GC_CONCURRENT freed 128K, 4% free 6525K/6727K, paused 3ms+2ms
I/ActivityManager(  179): Start proc com.asus.UpdateLauncher for broadcast com.asus.UpdateLauncher/.UpdateLauncherIntentReceiver: pid=376 uid=10009 gids={}
I/ActivityThread(  362): Pub user_dictionary: com.android.providers.userdictionary.UserDictionaryProvider
I/TelephonyRegistry(  179): notifyServiceState: 1 home null null null  Unknown CSS not supported -1 -1 RoamInd=-1 DefRoamInd=-1 EmergOnly=false
I/ActivityThread(  362): Pub com.android.social: com.android.providers.contacts.SocialProvider
I/ActivityThread(  362): Pub applications: com.android.providers.applications.ApplicationsProvider
I/TelephonyRegistry(  179): notifyDataConnection: state=0 isDataConnectivityPossible=false reason='radioTurnedOff' apn='null' apnType=default networkType=0
I/TelephonyRegistry(  179): notifyDataConnection: state=0 isDataConnectivityPossible=false reason='gprsDetached' apn='null' apnType=default networkType=0
D/Bluetooth HSHFP(  298): Starting BluetoothHeadsetService
W/CallNotifier(  298): Got onMwiChanged() on non-voice-capable device! Ignoring...
I/ActivityThread(  344): Pub subscribedfeeds: com.google.android.gsf.subscribedfeeds.SubscribedFeedsProvider
I/ActivityThread(  344): Pub com.google.contacts.gal.provider: com.google.android.syncadapters.contacts.GalProvider
D/dalvikvm(  107): GC_EXPLICIT freed 11K, 5% free 6274K/6595K, paused 7ms+4ms
D/NvSystemUIExt_JNI(  277): Register JNI Methods.
D/NvSystemUIExt_JNI(  277): getProperty(): START, get property persist.sys.NV_STEREOSEP
D/NvSystemUIExt_JNI(  277): getProperty(): Could GET the property, persist.sys.NV_STEREOSEP = 20
D/NvSystemUIExt_JNI(  277): getProperty(): FINISHED
I/ActivityThread(  362): Pub contacts;com.android.contacts: com.android.providers.contacts.ContactsProvider2
I/ActivityThread(  362): Pub call_log: com.android.providers.contacts.CallLogProvider
D/dalvikvm(  107): GC_EXPLICIT freed <1K, 5% free 6274K/6595K, paused 1ms+37ms
I/ActivityThread(  344): Pub com.google.android.gsf.gservices: com.google.android.gsf.gservices.GservicesProvider
I/GservicesProvider(  344): Gservices pushing to system: true; secure: true
I/ActivityThread(  344): Pub com.google.android.providers.talk: com.google.android.gsf.talk.TalkProvider
E/SharedPreferencesImpl(  179): Couldn't create directory for SharedPreferences file shared_prefs/bluetooth_service_settings.xml
D/dalvikvm(  277): GC_CONCURRENT freed 38K, 2% free 9186K/9351K, paused 2ms+2ms
D/dalvikvm(  107): GC_EXPLICIT freed <1K, 5% free 6274K/6595K, paused 1ms+2ms
I/ActivityManager(  179): Start proc com.asus.pcsynclauncher for broadcast com.asus.pcsynclauncher/.activity.USBReceiver: pid=398 uid=10027 gids={3003}
D/NetworkLocationService(  344): onCreate com.google.android.location.NetworkLocationService@408194a8
D/WifiStateMachine(  179): Supplicant connection established
D/WifiConfigStore(  179): Loading config and enabling all networks
D/NetworkLocationClient(  344): ANDROID minProtocolVersion 1 maxProtocolVersion 1 releaseVersion -1
D/NetworkLocationClient(  344): binding to Intent { act=com.google.android.location.internal.ANDROID_NLP }
I/LauncherUsbReceiver(  398): USB Receiver : android.hardware.usb.action.USB_STATE
D/LauncherUsbReceiver(  398): usb connected
D/LauncherUsbReceiver(  398): extras: Bundle[{adb=enabled, configuration=1, accessory=disabled, rndis=disabled, connected=true, mtp=enabled}]
V/StatusBar.StereoSepElement(  277): HDMI Display NOT connected
I/ActivityManager(  179): Start proc com.nvidia.NvCPLSvc for service com.nvidia.NvCPLSvc/.NvCPLService: pid=412 uid=1000 gids={3003, 1015, 3002, 3001}
I/wpa_supplicant(  271): CTRL-EVENT-STATE-CHANGE id=-1 state=2 BSSID=00:00:00:00:00:00
V/WifiMonitor(  179): Event [CTRL-EVENT-STATE-CHANGE id=-1 state=2 BSSID=00:00:00:00:00:00]
E/        (  179): EC_WAKEUP ioctl, EC_POWER_SAVING_ON success
D/MobileDataStateTracker(  179): hipri: hipri got ACTION_DATA_CONNECTION_TRACKER_MESSENGER
D/MobileDataStateTracker(  179): hipri: MdstHandler connected
D/MobileDataStateTracker(  179): supl: supl got ACTION_DATA_CONNECTION_TRACKER_MESSENGER
D/MobileDataStateTracker(  179): supl: MdstHandler connected
D/MobileDataStateTracker(  179): mms: mms got ACTION_DATA_CONNECTION_TRACKER_MESSENGER
D/MobileDataStateTracker(  179): mms: MdstHandler connected
D/MobileDataStateTracker(  179): default: default got ACTION_DATA_CONNECTION_TRACKER_MESSENGER
D/MobileDataStateTracker(  179): default: MdstHandler connected
D/WifiStateMachine(  179): setDetailed state, old =IDLE and new state=DISCONNECTED
D/WifiStateMachine(  179): setDetailed state, old =DISCONNECTED and new state=SCANNING
D/WifiStateMachine(  179): set country code GB
D/WifiStateMachine(  179): set frequency band 0
D/AlarmManager(  179): Added alarm Alarm{40f0ed18 type 0 android} type:RTC_WAKEUP when: At 12/01/23 11:21 repeatInterval: 0h:1m:0.0s
D/NvControl_JNI(  412): Register JNI Methods
V/NvCPLService(  412): handleIntent(): START
V/NvOTAHelper(  412): IsBootEvent(): bIsBootEvent = false
V/NvOTAHelper(  412): IsAlarmWakeupEvent(): bIsAlarmWakeupEvent = false
V/NvCPLService(  412): IsPropSetNeeded(): This is NOT a request to set property NV_STEREOCTRL
V/NvCPLService(  412): IsPropSetNeeded(): This is NOT a request to set property NV_STEREOMETHOD
V/NvCPLService(  412): IsPropSetNeeded(): This is NOT a request to set property NV_STEREOSEP
V/NvCPLService(  412): IsPropSetNeeded(): Need to set property NV_STEREOSEPCHG to 0
D/NvControl_JNI(  412): com_nvidia_NvCPLSvc_setProperty(): START, set NV_STEREOSEPCHG to 0, stateId = 1, size = 1
D/NvControl_JNI(  412): com_nvidia_NvCPLSvc_setProperty(): could set the property.
D/NvControl_JNI(  412): com_nvidia_NvCPLSvc_setProperty(): FINISHED
V/NvCPLService(  412): handleIntent(): END
D/dalvikvm(  310): GC_FOR_ALLOC freed 140K, 4% free 6503K/6727K, paused 32ms
I/FirmwareManagerService(  179): get the rom file /system/etc/firmware/EC/TF201-DOCK-0206.rom
D/dalvikvm(  344): GC_CONCURRENT freed 199K, 5% free 6454K/6727K, paused 2ms+2ms
D/dalvikvm(  179): GC_FOR_ALLOC freed 575K, 5% free 13091K/13767K, paused 48ms
D/dalvikvm(  277): GC_CONCURRENT freed 100K, 3% free 9945K/10183K, paused 2ms+2ms
I/dalvikvm-heap(  179): Grow heap (frag case) to 23.178MB for 10813456-byte allocation
D/dalvikvm(  179): GC_FOR_ALLOC freed <1K, 4% free 23650K/24391K, paused 44ms
E/SensorService(  179): unexpected event returned from HAL -- no active connections +++++++++++++++++++++
I/StatusBarManagerService(  179): registerStatusBar bar=com.android.internal.statusbar.IStatusBar$Stub$Proxy@409b3078
I/TabletStatusBar(  277): DISABLE_CLOCK: yes
I/TabletStatusBar(  277): DISABLE_EXPAND: yes
I/TabletStatusBar(  277): DISABLE_NAVIGATION: yes
I/TabletStatusBar(  277): DISABLE_BACK: yes
D/dalvikvm(  179): GC_CONCURRENT freed 14K, 3% free 23698K/24391K, paused 4ms+3ms
D/NetworkLocationService(  344): onBind com.google.android.location.NetworkLocationProvidercom.google.android.location.NetworkLocationService@408194a8
D/NetworkLocationService(  344): onBind com.google.android.location.GeocodeProvidercom.google.android.location.NetworkLocationService@408194a8
D/SyncManager(  179): setSyncAutomatically: , provider subscribedfeeds -> true
D/SyncManager(  179): setSyncAutomatically: already set to true, doing nothing
D/androidInternalNlpService(  344): onCreate com.google.android.location.internal.server.NetworkLocationService@40806ee8
D/androidNlpServiceThread(  344): ANDROID minProtocolVersion 1 maxProtocolVersion 1 releaseVersion -1
D/NetworkLocationRealOs(  344): NLPv2 file already exists; ignoring any NLPv1 files
D/NetworkLocationClient(  344): onServiceConnected to ComponentInfo{com.google.android.location/com.google.android.location.internal.server.NetworkLocationService}
D/androidNetworkLocationListeners(  344): Still have listener com.google.android.location.internal.client.NetworkLocationClient$1@4081f890
D/androidNlpServiceThread(  344): updateState: shouldBeEnabled true shouldBeRunning true
D/dalvikvm(  310): GC_CONCURRENT freed 39K, 3% free 6944K/7111K, paused 2ms+5ms
I/ActivityManager(  179): Start proc android.process.media for broadcast com.android.providers.media/.UsbReceiver: pid=434 uid=10037 gids={1015, 1023, 1024, 2001, 3003}
I/ActivityThread(  434): Pub media: com.android.providers.media.MediaProvider
D/SystemUIService(  277): loading: class com.android.systemui.power.PowerUI
D/SystemUIService(  277): running: com.android.systemui.power.PowerUI@40bb5b40
I/StatusBar.HeightReceiver(  277): Resizing status bar plugged=false height=48 old=48
D/LocationProviderProxy(  179): LocationProviderProxy.onServiceConnected ComponentInfo{com.google.android.location/com.google.android.location.NetworkLocationService}
D/GeocoderProxy(  179): onServiceConnected ComponentInfo{com.google.android.location/com.google.android.location.NetworkLocationService}
D/MobileDataStateTracker(  179): default: Received state=DISCONNECTED, old=DISCONNECTED, reason=radioTurnedOff
D/MobileDataStateTracker(  179): default: Received state=DISCONNECTED, old=DISCONNECTED, reason=gprsDetached
D/WifiService(  179): New client listening to asynchronous messages
D/dalvikvm(  344): GC_CONCURRENT freed 178K, 4% free 6794K/7047K, paused 2ms+2ms
D/dalvikvm(  179): GC_FOR_ALLOC freed 296K, 4% free 23658K/24391K, paused 59ms
I/dalvikvm-heap(  179): Grow heap (frag case) to 28.342MB for 5406736-byte allocation
D/dalvikvm(  344): GC_CONCURRENT freed 152K, 4% free 7200K/7431K, paused 2ms+4ms
D/dalvikvm(  179): GC_FOR_ALLOC freed <1K, 3% free 28937K/29703K, paused 50ms
I/SearchManagerService(  179): Building list of searchable activities
D/AlarmManager(  179): Added alarm Alarm{409d8610 type 2 com.google.android.location} type:ELAPSED_REALTIME_WAKEUP when: After 0h:0m:4.0s
D/AlarmManager(  179): Removed alarm Alarm{409d8610 type 2 com.google.android.location} type:ELAPSED_REALTIME_WAKEUP
D/AlarmManager(  179): Added alarm Alarm{409123f0 type 2 com.google.android.location} type:ELAPSED_REALTIME_WAKEUP when: After 0h:0m:4.0s
D/AlarmManager(  179): Removed alarm Alarm{409123f0 type 2 com.google.android.location} type:ELAPSED_REALTIME_WAKEUP
D/AlarmManager(  179): Added alarm Alarm{40866330 type 2 com.google.android.location} type:ELAPSED_REALTIME_WAKEUP when: After 0h:0m:4.0s
D/NetworkLocator(  344): null cell state delivered
D/AlarmManager(  179): Removed alarm Alarm{40866330 type 2 com.google.android.location} type:ELAPSED_REALTIME_WAKEUP
D/AlarmManager(  179): Added alarm Alarm{408ef0c8 type 2 com.google.android.location} type:ELAPSED_REALTIME_WAKEUP when: After 0h:0m:4.0s
D/AlarmManager(  179): Removed alarm Alarm{408ef0c8 type 2 com.google.android.location} type:ELAPSED_REALTIME_WAKEUP
D/AlarmManager(  179): Added alarm Alarm{40a63248 type 2 com.google.android.location} type:ELAPSED_REALTIME_WAKEUP when: After 0h:0m:4.0s
D/NetworkLocator(  344): null cell state delivered
D/AlarmManager(  179): Removed alarm Alarm{40a63248 type 2 com.google.android.location} type:ELAPSED_REALTIME_WAKEUP
D/AlarmManager(  179): Added alarm Alarm{40abe5c0 type 2 com.google.android.location} type:ELAPSED_REALTIME_WAKEUP when: After 0h:0m:4.0s
D/NetworkLocator(  344): null cell state delivered
D/AlarmManager(  179): Removed alarm Alarm{40abe5c0 type 2 com.google.android.location} type:ELAPSED_REALTIME_WAKEUP
D/AlarmManager(  179): Added alarm Alarm{40ef0188 type 2 com.google.android.location} type:ELAPSED_REALTIME_WAKEUP when: After 0h:0m:4.0s
D/androidNetworkLocationListeners(  344): Still have listener com.google.android.location.internal.client.NetworkLocationClient$1@4081f890
D/androidNetworkLocationListeners(  344): Still have listener com.google.android.location.internal.client.NetworkLocationClient$1@4081f890
D/AlarmManager(  179): Removed alarm Alarm{40ef0188 type 2 com.google.android.location} type:ELAPSED_REALTIME_WAKEUP
D/AlarmManager(  179): Added alarm Alarm{40850ee8 type 2 com.google.android.location} type:ELAPSED_REALTIME_WAKEUP when: After 0h:0m:4.0s
D/NetworkLocator(  344): null cell state delivered
D/NetworkLocator(  344): null cell state delivered
D/AlarmManager(  179): Removed alarm Alarm{40850ee8 type 2 com.google.android.location} type:ELAPSED_REALTIME_WAKEUP
D/AlarmManager(  179): Added alarm Alarm{40b19c08 type 2 com.google.android.location} type:ELAPSED_REALTIME_WAKEUP when: After 0h:0m:4.0s
D/AlarmManager(  179): Removed alarm Alarm{40b19c08 type 2 com.google.android.location} type:ELAPSED_REALTIME_WAKEUP
D/AlarmManager(  179): Added alarm Alarm{40f10398 type 2 com.google.android.location} type:ELAPSED_REALTIME_WAKEUP when: After 0h:0m:4.0s
D/AlarmManager(  179): Removed alarm Alarm{40f10398 type 2 com.google.android.location} type:ELAPSED_REALTIME_WAKEUP
D/AlarmManager(  179): Added alarm Alarm{40ac3f88 type 2 com.google.android.location} type:ELAPSED_REALTIME_WAKEUP when: After 0h:0m:4.0s
E/wpa_supplicant(  271): Ongoing Scan action...
E/wpa_supplicant(  271): Ongoing Scan action...
E/wpa_supplicant(  271): Ongoing Scan action...
D/dalvikvm(  179): GC_CONCURRENT freed 57K, 3% free 28982K/29703K, paused 2ms+15ms
D/dalvikvm(  310): GC_CONCURRENT freed 182K, 4% free 7301K/7559K, paused 2ms+3ms
D/dalvikvm(  362): GC_CONCURRENT freed 155K, 4% free 6584K/6855K, paused 3ms+10ms
D/TabletStatusBar(  277): lights on
D/PowerUI (  277): closing low battery warning: level=100
D/WifiLocator(  344): Too many cache  misses. Need server request. hasLocation=0 noLocation=0 cacheMiss=2
I/System.out(  344): [INFO:1847]: LogSource: Running flush
D/AlarmManager(  179): Removed alarm Alarm{40ac3f88 type 2 com.google.android.location} type:ELAPSED_REALTIME_WAKEUP
D/AlarmManager(  179): Added alarm Alarm{40abcc90 type 2 com.google.android.location} type:ELAPSED_REALTIME_WAKEUP when: After 0h:0m:4.0s
I/System.out(  344): [INFO:1862]: LogSource: Sending payload [bytes=291]
I/System.out(  344): [SEVERE:1887]: LogSource: AsyncHttpRequestImpl.run(): exception thrown : Unable to resolve host "www.google.com": No address associated with hostname: java.net.UnknownHostException
D/WifiLocator(  344): Too many cache  misses. Need server request. hasLocation=0 noLocation=0 cacheMiss=2
E/GlsClient-query(  344): requestFailed
E/GlsClient-query(  344): java.net.UnknownHostException: Unable to resolve host "www.google.com": No address associated with hostname
E/GlsClient-query(  344): 	at java.net.InetAddress.lookupHostByName(InetAddress.java:496)
E/GlsClient-query(  344): 	at java.net.InetAddress.getAllByNameImpl(InetAddress.java:277)
E/GlsClient-query(  344): 	at java.net.InetAddress.getAllByName(InetAddress.java:249)
E/GlsClient-query(  344): 	at org.apache.http.impl.conn.DefaultClientConnectionOperator.openConnection(DefaultClientConnectionOperator.java:136)
E/GlsClient-query(  344): 	at org.apache.http.impl.conn.AbstractPoolEntry.open(AbstractPoolEntry.java:164)
E/GlsClient-query(  344): 	at org.apache.http.impl.conn.AbstractPooledConnAdapter.open(AbstractPooledConnAdapter.java:119)
E/GlsClient-query(  344): 	at org.apache.http.impl.client.DefaultRequestDirector.execute(DefaultRequestDirector.java:360)
E/GlsClient-query(  344): 	at org.apache.http.impl.client.AbstractHttpClient.execute(AbstractHttpClient.java:555)
E/GlsClient-query(  344): 	at org.apache.http.impl.client.AbstractHttpClient.execute(AbstractHttpClient.java:487)
E/GlsClient-query(  344): 	at com.google.common.io.android.AndroidHttpClient.execute(Unknown Source)
E/GlsClient-query(  344): 	at com.google.common.io.android.GoogleHttpClient.executeWithoutRewriting(Unknown Source)
E/GlsClient-query(  344): 	at com.google.common.io.android.GoogleHttpClient.execute(Unknown Source)
E/GlsClient-query(  344): 	at com.google.common.io.android.GoogleHttpClient.execute(Unknown Source)
E/GlsClient-query(  344): 	at com.google.common.io.android.AndroidHttpConnectionFactory$AndroidGoogleHttpConnection.getResponse(Unknown Source)
E/GlsClient-query(  344): 	at com.google.common.io.android.AndroidHttpConnectionFactory$AndroidGoogleHttpConnection.getResponseCode(Unknown Source)
E/GlsClient-query(  344): 	at com.google.common.async.AsyncHttpRequestFactory$AsyncHttpRequestImpl.run(Unknown Source)
E/GlsClient-query(  344): 	at com.google.common.async.AsyncHttpRequestFactory.executeNextRequest(Unknown Source)
E/GlsClient-query(  344): 	at com.google.common.async.AsyncHttpRequestFactory.run(Unknown Source)
E/GlsClient-query(  344): 	at com.google.common.lang.BaseThreadFactory$ThreadImpl.run(Unknown Source)
D/libEGL  (  310): loaded /system/lib/egl/libGLES_android.so
D/AlarmManager(  179): Removed alarm Alarm{40abcc90 type 2 com.google.android.location} type:ELAPSED_REALTIME_WAKEUP
D/AlarmManager(  179): Added alarm Alarm{40f0fab0 type 2 com.google.android.location} type:ELAPSED_REALTIME_WAKEUP when: After 23h:59m:59.0s
D/libEGL  (  310): loaded /system/lib/egl/libEGL_tegra.so
D/libEGL  (  310): loaded /system/lib/egl/libGLESv1_CM_tegra.so
D/libEGL  (  310): loaded /system/lib/egl/libGLESv2_tegra.so
D/OpenGLRenderer(  310): Creating OpenGL renderer caches
D/OpenGLRenderer(  310): Enabling debug mode 0
D/OpenGLRenderer(  310): Layers will be composited as regions
I/MediaProvider(  434): Update ID=1, mount=/system, isMounted=1, VID = -1
I/MediaProvider(  434): Update ID=2, mount=/data, isMounted=1, VID = -1
D/dalvikvm(  310): GC_FOR_ALLOC freed 241K, 5% free 7477K/7815K, paused 19ms
D/dalvikvm(  310): GC_FOR_ALLOC freed 12K, 6% free 7601K/8007K, paused 23ms
D/dalvikvm(  310): GC_FOR_ALLOC freed 4K, 5% free 7808K/8199K, paused 17ms
D/dalvikvm(  310): GC_FOR_ALLOC freed 10K, 4% free 8059K/8391K, paused 18ms
I/dalvikvm-heap(  310): Grow heap (frag case) to 8.432MB for 513744-byte allocation
D/dalvikvm(  310): GC_FOR_ALLOC freed <1K, 4% free 8560K/8903K, paused 17ms
D/dalvikvm(  310): GC_FOR_ALLOC freed 13K, 4% free 9066K/9351K, paused 18ms
I/SurfaceFlinger(  106): Boot is finished (64110 ms)
V/Sensors (  179): virtual int MPLSensor::enable(int32_t, int)
V/Sensors (  179): handle : 4 en: 1
V/Sensors (  179): sensor state change what=4
V/Sensors (  179): void set_power_states(int, bool)
V/Sensors (  179):  enabled_sensors: 16 dmp_started: 0
V/Sensors (  179): inv_set_mpu_sensors: 70
I/MPL-fifo(  179): Actual ODR: 50000 mHz
V/Sensors (  179): Starting DMP
D/WindowManager(  179): readLidState, sw:1
D/PowerManagerService(  179): bootCompleted
D/PowerManagerService(  179): @PowerManagement: Acquire UWL 'StayOnWhilePluggedIn Screen Dim' flags [screen_dim]
D/PowerManagerService(  179): @PowerManagement: Acquire UWL 'StayOnWhilePluggedIn Partial' flags [partial]
V/DevicePolicyManagerService(  179): Sending password expiration notifications for action android.intent.action.BOOT_COMPLETED
I/MPL-mldl_cfg_mpu:(  179): inv_mpu_resume: Resuming to 0070
V/Sensors (  179): virtual int MPLSensor::setDelay(int32_t, int64_t)
E/Sensors (  179):  setDelay handle: 4 rate 200
V/Sensors (  179): int MPLSensor::update_delay()
V/Sensors (  179): set fifo rate: 39 200000000
D/Tethering(  179): sendTetherStateChangedBroadcast 1, 0, 0
D/Tethering(  179): interfaceAdded :usb0
I/MPL-fifo(  179): Actual ODR: 25000 mHz
V/Sensors (  179): virtual int MPLSensor::setDelay(int32_t, int64_t)
E/Sensors (  179):  setDelay handle: 4 rate 60
V/Sensors (  179): int MPLSensor::update_delay()
V/Sensors (  179): set fifo rate: 11 60000000
I/MPL-fifo(  179): Actual ODR: 25000 mHz
W/MountService(  179): Duplicate state transition (mounted -> mounted) for /mnt/sdcard
D/MountService(  179): sendStorageIntent Intent { act=android.intent.action.MEDIA_MOUNTED dat=file:///mnt/sdcard (has extras) }
D/WindowManager(  179): readLidState, sw:1
D/WindowManager(  179): adjustConfigurationLw, config:{1.0 0mcc0mnc (no locale) sw800dp w1280dp h752dp xlrg land ?uimode ?night finger qwerty/v/v -nav/v} mLidOpen:1 mHasDockFeature:true mHasHallSensorFeature:true config.hardKeyboardHidden:1
D/KeyguardViewMediator(  179): Receive wakeup source, keyguard show:true
I/FirmwareManagerService(  179): get the rom file /system/etc/firmware/EC/TF201-PAD-0214.rom
D/PowerManagerService(  179): @PowerManagement: sending ordered bcast for ACTION_SCREEN_ON
V/WiredAccessoryObserver(  179): init()
W/WiredAccessoryObserver(  179): This kernel does not have wired headset support
D/AlarmManager(  179): Added alarm Alarm{40ed7bb0 type 2 android} type:ELAPSED_REALTIME_WAKEUP when: After 24h:13m:51.0s repeatInterval: 24h:0m:0.0s
I/FirmwareManagerService(  179): get the rom file /system/etc/firmware/camera/TF201-RS_M6Mo-0x9891.bin
D/dalvikvm(  310): GC_CONCURRENT freed 676K, 8% free 9324K/10119K, paused 3ms+3ms
D/dalvikvm(  310): GC_CONCURRENT freed 554K, 7% free 9793K/10439K, paused 1ms+2ms
I/AwesomePlayer(  109): reset
I/AwesomePlayer(  109): cancel player events
I/AwesomePlayer(  109): cancel player events
I/AwesomePlayer(  109): reset
I/AwesomePlayer(  109): cancel player events
I/AwesomePlayer(  109): reset
I/AwesomePlayer(  109): cancel player events
I/AwesomePlayer(  109): reset
I/AwesomePlayer(  109): cancel player events
I/AwesomePlayer(  109): reset
I/AwesomePlayer(  109): cancel player events
I/AwesomePlayer(  109): cancel player events
I/AwesomePlayer(  109): reset
I/AwesomePlayer(  109): cancel player events
